{
  "offset": 0,
  "total": 20,
  "commands": [
    {
      "key": "command--1588256046--1--cmd-ca-repo-update",
      "actor": "krill",
      "timestamp": 1588256046278,
      "handle": "ta",
      "version": 1,
      "sequence": 1,
      "summary": {
        "msg": "Update repo to embedded server",
        "label": "cmd-ca-repo-update",
        "args": {}
      },
      "effect": {
        "events": [
          1
        ]
      }
    },
    {
      "key": "command--1588256046--2--cmd-ca-make-ta",
      "actor": "krill",
      "timestamp": 1588256046279,
      "handle": "ta",
      "version": 2,
      "sequence": 2,
      "summary": {
        "msg": "Turn into Trust Anchor",
        "label": "cmd-ca-make-ta",
        "args": {}
      },
      "effect": {
        "events": [
          2
        ]
      }
    },
    {
      "key": "command--1588256046--3--cmd-ca-rcn-receive",
      "actor": "krill",
      "timestamp": 1588256046358,
      "handle": "ta",
      "version": 3,
      "sequence": 3,
      "summary": {
        "msg": "Update received cert in RC '0', with resources 'asn: 1 blocks, v4: 1 blocks, v6: 1 blocks'",
        "label": "cmd-ca-rcn-receive",
        "args": {
          "asn_blocks": "1",
          "class_name": "0",
          "resources": "asn: AS0-AS4294967295, v4: 0.0.0.0/0, v6: ::/0",
          "ipv4_blocks": "1",
          "ipv6_blocks": "1"
        }
      },
      "effect": {
        "events": [
          3
        ]
      }
    },
    {
      "key": "command--1588256046--4--cmd-ca-child-add",
      "actor": "krill",
      "timestamp": 1588256046640,
      "handle": "ta",
      "version": 4,
      "sequence": 4,
      "summary": {
        "msg": "Add child 'rfc6492' with RFC8183 key 'c7c157d25bf984745691af261fa8d149aa7f6ca7' and resources 'asn: 0 blocks, v4: 1 blocks, v6: 0 blocks'",
        "label": "cmd-ca-child-add",
        "args": {
          "asn_blocks": "0",
          "ipv4_blocks": "1",
          "id_key": "c7c157d25bf984745691af261fa8d149aa7f6ca7",
          "resources": "asn: , v4: 10.0.0.0/16, v6: ",
          "ipv6_blocks": "0",
          "child": "rfc6492"
        }
      },
      "effect": {
        "events": [
          4
        ]
      }
    },
    {
      "key": "command--1588256048--5--cmd-ca-child-certify",
      "actor": "krill",
      "timestamp": 1588256048016,
      "handle": "ta",
      "version": 5,
      "sequence": 5,
      "summary": {
        "msg": "Issue certificate to child 'rfc6492' for key '17143836B8F6D11DCB53CD49B5D40C61B8E9B813'",
        "label": "cmd-ca-child-certify",
        "args": {
          "class_name": "0",
          "key": "17143836B8F6D11DCB53CD49B5D40C61B8E9B813",
          "child": "rfc6492"
        }
      },
      "effect": {
        "events": [
          5,
          6,
          7
        ]
      }
    },
    {
      "key": "command--1588256048--6--cmd-ca-child-update-res",
      "actor": "krill",
      "timestamp": 1588256048983,
      "handle": "ta",
      "version": 8,
      "sequence": 6,
      "summary": {
        "msg": "Update resources for child 'rfc6492' to: asn: 1 blocks, v4: 1 blocks, v6: 0 blocks",
        "label": "cmd-ca-child-update-res",
        "args": {
          "resources": "asn: AS65000, v4: 10.0.0.0/16, v6: ",
          "ipv6_blocks": "0",
          "asn_blocks": "1",
          "child": "rfc6492",
          "ipv4_blocks": "1"
        }
      },
      "effect": {
        "events": [
          8
        ]
      }
    },
    {
      "key": "command--1588256049--7--cmd-ca-child-certify",
      "actor": "krill",
      "timestamp": 1588256049647,
      "handle": "ta",
      "version": 9,
      "sequence": 7,
      "summary": {
        "msg": "Issue certificate to child 'rfc6492' for key '17143836B8F6D11DCB53CD49B5D40C61B8E9B813'",
        "label": "cmd-ca-child-certify",
        "args": {
          "child": "rfc6492",
          "class_name": "0",
          "key": "17143836B8F6D11DCB53CD49B5D40C61B8E9B813"
        }
      },
      "effect": {
        "events": [
          9,
          10,
          11
        ]
      }
    },
    {
      "key": "command--1588256050--8--cmd-ca-child-update-res",
      "actor": "krill",
      "timestamp": 1588256050249,
      "handle": "ta",
      "version": 12,
      "sequence": 8,
      "summary": {
        "msg": "Update resources for child 'rfc6492' to: asn: 0 blocks, v4: 1 blocks, v6: 0 blocks",
        "label": "cmd-ca-child-update-res",
        "args": {
          "child": "rfc6492",
          "asn_blocks": "0",
          "ipv4_blocks": "1",
          "ipv6_blocks": "0",
          "resources": "asn: , v4: 10.0.0.0/24, v6: "
        }
      },
      "effect": {
        "events": [
          12
        ]
      }
    },
    {
      "key": "command--1588256050--9--cmd-ca-child-certify",
      "actor": "krill",
      "timestamp": 1588256050661,
      "handle": "ta",
      "version": 13,
      "sequence": 9,
      "summary": {
        "msg": "Issue certificate to child 'rfc6492' for key '17143836B8F6D11DCB53CD49B5D40C61B8E9B813'",
        "label": "cmd-ca-child-certify",
        "args": {
          "key": "17143836B8F6D11DCB53CD49B5D40C61B8E9B813",
          "child": "rfc6492",
          "class_name": "0"
        }
      },
      "effect": {
        "events": [
          13,
          14,
          15
        ]
      }
    },
    {
      "key": "command--1588256051--10--cmd-ca-child-update-res",
      "actor": "krill",
      "timestamp": 1588256051487,
      "handle": "ta",
      "version": 16,
      "sequence": 10,
      "summary": {
        "msg": "Update resources for child 'rfc6492' to: asn: 0 blocks, v4: 0 blocks, v6: 0 blocks",
        "label": "cmd-ca-child-update-res",
        "args": {
          "child": "rfc6492",
          "asn_blocks": "0",
          "ipv6_blocks": "0",
          "resources": "asn: , v4: , v6: ",
          "ipv4_blocks": "0"
        }
      },
      "effect": {
        "events": [
          16
        ]
      }
    },
    {
      "key": "command--1588256052--11--cmd-ca-child-revoke",
      "actor": "krill",
      "timestamp": 1588256052723,
      "handle": "ta",
      "version": 17,
      "sequence": 11,
      "summary": {
        "msg": "Revoke certificates for child 'rfc6492' for key '17143836B8F6D11DCB53CD49B5D40C61B8E9B813' in RC 0",
        "label": "cmd-ca-child-revoke",
        "args": {
          "key": "17143836B8F6D11DCB53CD49B5D40C61B8E9B813",
          "child": "rfc6492",
          "class_name": "0"
        }
      },
      "effect": {
        "events": [
          17,
          18,
          19
        ]
      }
    },
    {
      "key": "command--1588256053--12--cmd-ca-generate-new-id",
      "actor": "krill",
      "timestamp": 1588256053261,
      "handle": "ta",
      "version": 20,
      "sequence": 12,
      "summary": {
        "msg": "Generate a new RFC8183 ID.",
        "label": "cmd-ca-generate-new-id",
        "args": {}
      },
      "effect": {
        "events": [
          20
        ]
      }
    },
    {
      "key": "command--1588256053--13--cmd-ca-child-update-res",
      "actor": "krill",
      "timestamp": 1588256053535,
      "handle": "ta",
      "version": 21,
      "sequence": 13,
      "summary": {
        "msg": "Update resources for child 'rfc6492' to: asn: 0 blocks, v4: 1 blocks, v6: 0 blocks",
        "label": "cmd-ca-child-update-res",
        "args": {
          "asn_blocks": "0",
          "child": "rfc6492",
          "resources": "asn: , v4: 10.0.0.0/24, v6: ",
          "ipv4_blocks": "1",
          "ipv6_blocks": "0"
        }
      },
      "effect": {
        "events": [
          21
        ]
      }
    },
    {
      "key": "command--1588256054--14--cmd-ca-child-certify",
      "actor": "krill",
      "timestamp": 1588256054830,
      "handle": "ta",
      "version": 22,
      "sequence": 14,
      "summary": {
        "msg": "Issue certificate to child 'rfc6492' for key '9F29B373BC1B3D173E815841AE492E3E64CC6325'",
        "label": "cmd-ca-child-certify",
        "args": {
          "child": "rfc6492",
          "key": "9F29B373BC1B3D173E815841AE492E3E64CC6325",
          "class_name": "0"
        }
      },
      "effect": {
        "events": [
          22,
          23,
          24
        ]
      }
    },
    {
      "key": "command--1588256055--15--cmd-ca-child-update-id",
      "actor": "krill",
      "timestamp": 1588256055942,
      "handle": "ta",
      "version": 25,
      "sequence": 15,
      "summary": {
        "msg": "Update child 'rfc6492' RFC 8183 key 'dc396cc6eb42e00941ffae11327ab7c659cf18d0'",
        "label": "cmd-ca-child-update-id",
        "args": {
          "child": "rfc6492",
          "id_key": "dc396cc6eb42e00941ffae11327ab7c659cf18d0"
        }
      },
      "effect": {
        "events": [
          25
        ]
      }
    },
    {
      "key": "command--1588256056--16--cmd-ca-child-update-res",
      "actor": "krill",
      "timestamp": 1588256056120,
      "handle": "ta",
      "version": 26,
      "sequence": 16,
      "summary": {
        "msg": "Update resources for child 'rfc6492' to: asn: 1 blocks, v4: 1 blocks, v6: 0 blocks",
        "label": "cmd-ca-child-update-res",
        "args": {
          "child": "rfc6492",
          "resources": "asn: AS65000, v4: 10.0.0.0/16, v6: ",
          "asn_blocks": "1",
          "ipv4_blocks": "1",
          "ipv6_blocks": "0"
        }
      },
      "effect": {
        "events": [
          26
        ]
      }
    },
    {
      "key": "command--1588256056--17--cmd-ca-child-certify",
      "actor": "krill",
      "timestamp": 1588256056890,
      "handle": "ta",
      "version": 27,
      "sequence": 17,
      "summary": {
        "msg": "Issue certificate to child 'rfc6492' for key '9F29B373BC1B3D173E815841AE492E3E64CC6325'",
        "label": "cmd-ca-child-certify",
        "args": {
          "child": "rfc6492",
          "class_name": "0",
          "key": "9F29B373BC1B3D173E815841AE492E3E64CC6325"
        }
      },
      "effect": {
        "events": [
          27,
          28,
          29
        ]
      }
    },
    {
      "key": "command--1588256057--18--cmd-ca-child-remove",
      "actor": "krill",
      "timestamp": 1588256057925,
      "handle": "ta",
      "version": 30,
      "sequence": 18,
      "summary": {
        "msg": "Remove child 'rfc6492' and revoke&remove its certs",
        "label": "cmd-ca-child-remove",
        "args": {
          "child": "rfc6492"
        }
      },
      "effect": {
        "events": [
          30,
          31,
          32
        ]
      }
    },
    {
      "key": "command--1588256058--19--cmd-ca-child-add",
      "actor": "krill",
      "timestamp": 1588256058078,
      "handle": "ta",
      "version": 33,
      "sequence": 19,
      "summary": {
        "msg": "Add child 'rfc6492' with RFC8183 key 'dc396cc6eb42e00941ffae11327ab7c659cf18d0' and resources 'asn: 1 blocks, v4: 1 blocks, v6: 0 blocks'",
        "label": "cmd-ca-child-add",
        "args": {
          "child": "rfc6492",
          "ipv4_blocks": "1",
          "asn_blocks": "1",
          "id_key": "dc396cc6eb42e00941ffae11327ab7c659cf18d0",
          "ipv6_blocks": "0",
          "resources": "asn: AS65000, v4: 10.0.0.0/16, v6: "
        }
      },
      "effect": {
        "events": [
          33
        ]
      }
    },
    {
      "key": "command--1588256059--20--cmd-ca-child-certify",
      "actor": "krill",
      "timestamp": 1588256059103,
      "handle": "ta",
      "version": 34,
      "sequence": 20,
      "summary": {
        "msg": "Issue certificate to child 'rfc6492' for key '43FB0F512A266C18A271E7B72FEA4E45C2A7CFFD'",
        "label": "cmd-ca-child-certify",
        "args": {
          "class_name": "0",
          "child": "rfc6492",
          "key": "43FB0F512A266C18A271E7B72FEA4E45C2A7CFFD"
        }
      },
      "effect": {
        "events": [
          34,
          35,
          36
        ]
      }
    }
  ]
}